// Jest Snapshot v1, https://goo.gl/fbAQLP

exports[`VideoDetail renders video item 1`] = `
<section
  className="flex flex-col lg:flex-row"
>
  <article
    className="basis-2/3"
  >
    <iframe
      height="640"
      id="player"
      src="https://www.youtube.com/embed/8zIf0XvoL9Y"
      title="Barbie | Teaser Trailer"
      width="100%"
    />
    <div
      className="p-8"
    >
      <h2
        className="font-bold text-lg"
      >
        Barbie | Teaser Trailer
      </h2>
      <pre
        className="whitespace-pre-wrap"
      >
        #BarbieTheMovie, from director Greta Gerwig, only in theatres Summer 2023
      </pre>
    </div>
  </article>
  <article
    className="basis-1/3"
  />
</section>
`;
